#-----------------------------------------------------------
# Vivado v2017.3 (64-bit)
# SW Build 2018833 on Wed Oct  4 19:58:22 MDT 2017
# IP Build 2016188 on Wed Oct  4 21:52:56 MDT 2017
# Start of session at: Mon Nov 21 19:12:05 2022
# Process ID: 21312
# Current directory: C:/Users/wangk/OneDrive/Home/Desktop/shumaguan2
# Command line: vivado.exe -gui_launcher_event rodinguilauncherevent20712 C:\Users\wangk\OneDrive\Home\Desktop\shumaguan2\shumaguan2.xpr
# Log file: C:/Users/wangk/OneDrive/Home/Desktop/shumaguan2/vivado.log
# Journal file: C:/Users/wangk/OneDrive/Home/Desktop/shumaguan2\vivado.jou
#-----------------------------------------------------------
start_gui
open_project C:/Users/wangk/OneDrive/Home/Desktop/shumaguan2/shumaguan2.xpr
update_compile_order -fileset sources_1
reset_run synth_1
launch_runs impl_1 -to_step write_bitstream -jobs 4
wait_on_run impl_1
open_hw
connect_hw_server
open_hw_target
current_hw_device [get_hw_devices xc7a50t_0]
refresh_hw_device -update_hw_probes false [lindex [get_hw_devices xc7a50t_0] 0]
open_run impl_1
set_property PROBES.FILE {} [get_hw_devices xc7a50t_0]
set_property FULL_PROBES.FILE {} [get_hw_devices xc7a50t_0]
set_property PROGRAM.FILE {C:/Users/wangk/OneDrive/Home/Desktop/shumaguan2/shumaguan2.runs/impl_1/Coun_0_F.bit} [get_hw_devices xc7a50t_0]
program_hw_devices [get_hw_devices xc7a50t_0]
refresh_hw_device [lindex [get_hw_devices xc7a50t_0] 0]
reset_run synth_1
launch_runs impl_1 -to_step write_bitstream -jobs 4
wait_on_run impl_1
set_property PROBES.FILE {} [get_hw_devices xc7a50t_0]
set_property FULL_PROBES.FILE {} [get_hw_devices xc7a50t_0]
set_property PROGRAM.FILE {C:/Users/wangk/OneDrive/Home/Desktop/shumaguan2/shumaguan2.runs/impl_1/Coun_0_F.bit} [get_hw_devices xc7a50t_0]
program_hw_devices [get_hw_devices xc7a50t_0]
refresh_hw_device [lindex [get_hw_devices xc7a50t_0] 0]
reset_run synth_1
launch_runs impl_1 -to_step write_bitstream -jobs 4
wait_on_run impl_1
reset_run impl_1 -prev_step 
launch_runs impl_1 -to_step write_bitstream -jobs 4
wait_on_run impl_1
reset_run synth_1
launch_runs impl_1 -to_step write_bitstream -jobs 4
wait_on_run impl_1
set_property PROBES.FILE {} [get_hw_devices xc7a50t_0]
set_property FULL_PROBES.FILE {} [get_hw_devices xc7a50t_0]
set_property PROGRAM.FILE {C:/Users/wangk/OneDrive/Home/Desktop/shumaguan2/shumaguan2.runs/impl_1/Coun_0_F.bit} [get_hw_devices xc7a50t_0]
program_hw_devices [get_hw_devices xc7a50t_0]
refresh_hw_device [lindex [get_hw_devices xc7a50t_0] 0]
disconnect_hw_server localhost:3121
connect_hw_server
disconnect_hw_server localhost:3121
connect_hw_server
open_hw_target
set_property PROGRAM.FILE {C:/Users/wangk/OneDrive/Home/Desktop/shumaguan2/shumaguan2.runs/impl_1/Coun_0_F.bit} [get_hw_devices xc7a50t_0]
current_hw_device [get_hw_devices xc7a50t_0]
refresh_hw_device -update_hw_probes false [lindex [get_hw_devices xc7a50t_0] 0]
set_property PROBES.FILE {} [get_hw_devices xc7a50t_0]
set_property FULL_PROBES.FILE {} [get_hw_devices xc7a50t_0]
set_property PROGRAM.FILE {C:/Users/wangk/OneDrive/Home/Desktop/shumaguan2/shumaguan2.runs/impl_1/Coun_0_F.bin} [get_hw_devices xc7a50t_0]
program_hw_devices [get_hw_devices xc7a50t_0]
refresh_hw_device [lindex [get_hw_devices xc7a50t_0] 0]
set_property PROBES.FILE {} [get_hw_devices xc7a50t_0]
set_property FULL_PROBES.FILE {} [get_hw_devices xc7a50t_0]
set_property PROGRAM.FILE {C:/Users/wangk/OneDrive/Home/Desktop/shumaguan2/shumaguan2.runs/impl_1/Coun_0_F.bin} [get_hw_devices xc7a50t_0]
program_hw_devices [get_hw_devices xc7a50t_0]
refresh_hw_device [lindex [get_hw_devices xc7a50t_0] 0]
reset_run synth_1
launch_runs impl_1 -to_step write_bitstream -jobs 4
wait_on_run impl_1
reset_run synth_1
launch_runs impl_1 -to_step write_bitstream -jobs 4
wait_on_run impl_1
set_property PROBES.FILE {} [get_hw_devices xc7a50t_0]
set_property FULL_PROBES.FILE {} [get_hw_devices xc7a50t_0]
set_property PROGRAM.FILE {C:/Users/wangk/OneDrive/Home/Desktop/shumaguan2/shumaguan2.runs/impl_1/Coun_0_F.bin} [get_hw_devices xc7a50t_0]
program_hw_devices [get_hw_devices xc7a50t_0]
refresh_hw_device [lindex [get_hw_devices xc7a50t_0] 0]
reset_run impl_1 -prev_step 
launch_runs impl_1 -to_step write_bitstream -jobs 4
wait_on_run impl_1
set_property PROBES.FILE {} [get_hw_devices xc7a50t_0]
set_property FULL_PROBES.FILE {} [get_hw_devices xc7a50t_0]
set_property PROGRAM.FILE {C:/Users/wangk/OneDrive/Home/Desktop/shumaguan2/shumaguan2.runs/impl_1/Coun_0_F.bin} [get_hw_devices xc7a50t_0]
program_hw_devices [get_hw_devices xc7a50t_0]
refresh_hw_device [lindex [get_hw_devices xc7a50t_0] 0]
reset_run synth_1
launch_runs impl_1 -to_step write_bitstream -jobs 4
wait_on_run impl_1
reset_run synth_1
launch_runs impl_1 -to_step write_bitstream -jobs 4
wait_on_run impl_1
reset_run synth_1
launch_runs impl_1 -to_step write_bitstream -jobs 4
wait_on_run impl_1
set_property PROBES.FILE {} [get_hw_devices xc7a50t_0]
set_property FULL_PROBES.FILE {} [get_hw_devices xc7a50t_0]
set_property PROGRAM.FILE {C:/Users/wangk/OneDrive/Home/Desktop/shumaguan2/shumaguan2.runs/impl_1/Coun_0_F.bin} [get_hw_devices xc7a50t_0]
program_hw_devices [get_hw_devices xc7a50t_0]
refresh_hw_device [lindex [get_hw_devices xc7a50t_0] 0]
set_property PROBES.FILE {} [get_hw_devices xc7a50t_0]
set_property FULL_PROBES.FILE {} [get_hw_devices xc7a50t_0]
set_property PROGRAM.FILE {C:/Users/wangk/OneDrive/Home/Desktop/shumaguan2/shumaguan2.runs/impl_1/Coun_0_F.bin} [get_hw_devices xc7a50t_0]
program_hw_devices [get_hw_devices xc7a50t_0]
refresh_hw_device [lindex [get_hw_devices xc7a50t_0] 0]
set_property PROBES.FILE {} [get_hw_devices xc7a50t_0]
set_property FULL_PROBES.FILE {} [get_hw_devices xc7a50t_0]
set_property PROGRAM.FILE {C:/Users/wangk/OneDrive/Home/Desktop/shumaguan2/shumaguan2.runs/impl_1/Coun_0_F.bin} [get_hw_devices xc7a50t_0]
program_hw_devices [get_hw_devices xc7a50t_0]
refresh_hw_device [lindex [get_hw_devices xc7a50t_0] 0]
reset_run impl_1 -prev_step 
launch_runs impl_1 -to_step write_bitstream -jobs 4
wait_on_run impl_1
set_property PROBES.FILE {} [get_hw_devices xc7a50t_0]
set_property FULL_PROBES.FILE {} [get_hw_devices xc7a50t_0]
set_property PROGRAM.FILE {C:/Users/wangk/OneDrive/Home/Desktop/shumaguan2/shumaguan2.runs/impl_1/Coun_0_F.bin} [get_hw_devices xc7a50t_0]
program_hw_devices [get_hw_devices xc7a50t_0]
refresh_hw_device [lindex [get_hw_devices xc7a50t_0] 0]
reset_run synth_1
launch_runs impl_1 -to_step write_bitstream -jobs 4
wait_on_run impl_1
set_property PROBES.FILE {} [get_hw_devices xc7a50t_0]
set_property FULL_PROBES.FILE {} [get_hw_devices xc7a50t_0]
set_property PROGRAM.FILE {C:/Users/wangk/OneDrive/Home/Desktop/shumaguan2/shumaguan2.runs/impl_1/Coun_0_F.bin} [get_hw_devices xc7a50t_0]
program_hw_devices [get_hw_devices xc7a50t_0]
refresh_hw_device [lindex [get_hw_devices xc7a50t_0] 0]
reset_run synth_1
launch_runs impl_1 -to_step write_bitstream -jobs 4
wait_on_run impl_1
set_property PROBES.FILE {} [get_hw_devices xc7a50t_0]
set_property FULL_PROBES.FILE {} [get_hw_devices xc7a50t_0]
set_property PROGRAM.FILE {C:/Users/wangk/OneDrive/Home/Desktop/shumaguan2/shumaguan2.runs/impl_1/Coun_0_F.bin} [get_hw_devices xc7a50t_0]
program_hw_devices [get_hw_devices xc7a50t_0]
refresh_hw_device [lindex [get_hw_devices xc7a50t_0] 0]
reset_run impl_1 -prev_step 
launch_runs impl_1 -to_step write_bitstream -jobs 4
wait_on_run impl_1
set_property PROBES.FILE {} [get_hw_devices xc7a50t_0]
set_property FULL_PROBES.FILE {} [get_hw_devices xc7a50t_0]
set_property PROGRAM.FILE {C:/Users/wangk/OneDrive/Home/Desktop/shumaguan2/shumaguan2.runs/impl_1/Coun_0_F.bin} [get_hw_devices xc7a50t_0]
program_hw_devices [get_hw_devices xc7a50t_0]
refresh_hw_device [lindex [get_hw_devices xc7a50t_0] 0]
reset_run synth_1
launch_runs impl_1 -to_step write_bitstream -jobs 4
wait_on_run impl_1
set_property PROBES.FILE {} [get_hw_devices xc7a50t_0]
set_property FULL_PROBES.FILE {} [get_hw_devices xc7a50t_0]
set_property PROGRAM.FILE {C:/Users/wangk/OneDrive/Home/Desktop/shumaguan2/shumaguan2.runs/impl_1/Coun_0_F.bin} [get_hw_devices xc7a50t_0]
program_hw_devices [get_hw_devices xc7a50t_0]
refresh_hw_device [lindex [get_hw_devices xc7a50t_0] 0]
set_property PROBES.FILE {} [get_hw_devices xc7a50t_0]
set_property FULL_PROBES.FILE {} [get_hw_devices xc7a50t_0]
set_property PROGRAM.FILE {C:/Users/wangk/OneDrive/Home/Desktop/shumaguan2/shumaguan2.runs/impl_1/Coun_0_F.bin} [get_hw_devices xc7a50t_0]
program_hw_devices [get_hw_devices xc7a50t_0]
refresh_hw_device [lindex [get_hw_devices xc7a50t_0] 0]
set_property PROBES.FILE {} [get_hw_devices xc7a50t_0]
set_property FULL_PROBES.FILE {} [get_hw_devices xc7a50t_0]
set_property PROGRAM.FILE {C:/Users/wangk/OneDrive/Home/Desktop/shumaguan2/shumaguan2.runs/impl_1/Coun_0_F.bin} [get_hw_devices xc7a50t_0]
program_hw_devices [get_hw_devices xc7a50t_0]
refresh_hw_device [lindex [get_hw_devices xc7a50t_0] 0]
