#-----------------------------------------------------------
# Vivado v2017.3 (64-bit)
# SW Build 2018833 on Wed Oct  4 19:58:22 MDT 2017
# IP Build 2016188 on Wed Oct  4 21:52:56 MDT 2017
# Start of session at: Mon Nov 21 18:46:00 2022
# Process ID: 19496
# Current directory: C:/Users/wangk/OneDrive/Home/Desktop/three_voter
# Command line: vivado.exe -gui_launcher_event rodinguilauncherevent13284 C:\Users\wangk\OneDrive\Home\Desktop\three_voter\three_voter.xpr
# Log file: C:/Users/wangk/OneDrive/Home/Desktop/three_voter/vivado.log
# Journal file: C:/Users/wangk/OneDrive/Home/Desktop/three_voter\vivado.jou
#-----------------------------------------------------------sstart_guioopen_project C:/Users/wangk/OneDrive/Home/Desktop/three_voter/three_voter.xpr
Scanning sources...
Finished scanning sources
INFO: [IP_Flow 19-234] Refreshing IP repositories
INFO: [IP_Flow 19-1704] No user IP repositories specified
INFO: [IP_Flow 19-2313] Loaded Vivado IP repository 'C:/Programs/Xilinx/Vivado/2017.3/data/ip'.oupdate_compile_order -fileset sources_1
close_project
open_project C:/Users/wangk/OneDrive/Home/Desktop/number_display/number_display.xpr
Scanninexit
INFO: [Common 17-206] Exiting Vivado at Mon Nov 21 18:46:44 2022...
IP repositories
INFO: [IP_Flow 19-1704] No user IP repositories specified
INFO: [IP_Flow 19-2313] Loaded Vivado IP repository 'C:/Programs/Xilinx/Vivado/2017.3/data/ip'.
update_compile_order -fileset sources_1
export_ip_user_files -of_objects  [get_files C:/Users/wangk/OneDrive/Home/Desktop/number_display/number_display.srcs/constrs_1/new/cons.xdc] -no_script -reset -force -quiet
remove_files  -fileset constrs_1 C:/Users/wangk/OneDrive/Home/Desktop/number_display/number_display.srcs/constrs_1/new/cons.xdc
close_project
open_project C:/Users/wangk/OneDrive/Home/Desktop/number_display/number_display.xpr
Scanning sources...
Finished scanning sources
INFO: [IP_Flow 19-234] Refreshing IP repositories
INFO: [IP_Flow 19-1704] No user IP repositories specified
INFO: [IP_Flow 19-2313] Loaded Vivado IP repository 'C:/Programs/Xilinx/Vivado/2017.3/data/ip'.
update_compile_order -fileset sources_1
reset_run synth_1
launch_runs impl_1 -jobs 4
[Mon Nov 21 18:50:20 2022] Launched synth_1...
Run output will be captured here: C:/Users/wangk/OneDrive/Home/Desktop/number_display/number_display.runs/synth_1/runme.log
[Mon Nov 21 18:50:20 2022] Launched impl_1...
Run output will be captured here: C:/Users/wangk/OneDrive/Home/Desktop/number_display/number_display.runs/impl_1/runme.log
open_run impl_1
INFO: [Netlist 29-17] Analyzing 8 Unisim elements for replacement
INFO: [Netlist 29-28] Unisim Transformation completed in 0 CPU seconds
INFO: [Project 1-479] Netlist was created with Vivado 2017.3
INFO: [Device 21-403] Loading part xc7a50tcsg324-1
INFO: [Project 1-570] Preparing netlist for logic optimization
Reading XDEF placement.
Reading placer database...
Reading XDEF routing.
Read XDEF File: Time (s): cpu = 00:00:00 ; elapsed = 00:00:00.015 . Memory (MB): peak = 1226.352 ; gain = 0.000
Restored from archive | CPU: 0.000000 secs | Memory: 0.000000 MB |
Finished XDEF File Restore: Time (s): cpu = 00:00:00 ; elapsed = 00:00:00.015 . Memory (MB): peak = 1226.352 ; gain = 0.000
INFO: [Project 1-111] Unisim Transformation Summary:
No Unisim elements were transformed.

open_run: Time (s): cpu = 00:00:05 ; elapsed = 00:00:05 . Memory (MB): peak = 1452.102 ; gain = 356.402
WARNING: [Timing 38-313] There are no user specified timing constraints. Timing constraints are needed for proper timing analysis.
set_property IOSTANDARD LVCMOS33 [get_ports [list {a_to_g[6]} {a_to_g[5]} {a_to_g[4]} {a_to_g[3]} {a_to_g[2]} {a_to_g[1]} {a_to_g[0]}]]
set_property IOSTANDARD LVCMOS33 [get_ports [list {led_bits[3]} {led_bits[2]} {led_bits[1]} {led_bits[0]}]]
set_property IOSTANDARD LVCMOS33 [get_ports [list {SW_num[3]} {SW_num[2]} {SW_num[1]} {SW_num[0]}]]
set_property IOSTANDARD LVCMOS33 [get_ports [list {SW_DIP[3]} {SW_DIP[2]} {SW_DIP[1]} {SW_DIP[0]}]]
place_ports {SW_num[3]} P5
place_ports {SW_num[2]} P4
place_ports {SW_num[1]} P3
place_ports {SW_num[0]} P2
place_ports {SW_DIP[3]} R2
place_ports {SW_DIP[2]} M4
place_ports {SW_DIP[1]} N4
place_ports {SW_DIP[0]} R1
place_ports {led_bits[3]} K1
place_ports {led_bits[2]} H6
place_ports {led_bits[1]} H5
place_ports {led_bits[0]} J5
place_ports {a_to_g[6]} D4
place_ports {a_to_g[5]} E3
place_ports {a_to_g[4]} D3
place_ports {a_to_g[3]} F4
place_ports {a_to_g[2]} F3
place_ports {a_to_g[1]} E2
place_ports {a_to_g[0]} D2
close [ open C:/Users/wangk/OneDrive/Home/Desktop/number_display/number_display.srcs/constrs_1/new/cons.xdc w ]
add_files -fileset constrs_1 C:/Users/wangk/OneDrive/Home/Desktop/number_display/number_display.srcs/constrs_1/new/cons.xdc
set_property target_constrs_file C:/Users/wangk/OneDrive/Home/Desktop/number_display/number_display.srcs/constrs_1/new/cons.xdc [current_fileset -constrset]
save_constraints -force
reset_run synth_1
reset_run impl_1
launch_runs impl_1 -jobs 4
[Mon Nov 21 18:58:01 2022] Launched synth_1...
Run output will be captured here: C:/Users/wangk/OneDrive/Home/Desktop/number_display/number_display.runs/synth_1/runme.log
[Mon Nov 21 18:58:01 2022] Launched impl_1...
Run output will be captured here: C:/Users/wangk/OneDrive/Home/Desktop/number_display/number_display.runs/impl_1/runme.log
refresh_design
INFO: [Netlist 29-17] Analyzing 8 Unisim elements for replacement
INFO: [Netlist 29-28] Unisim Transformation completed in 0 CPU seconds
INFO: [Project 1-479] Netlist was created with Vivado 2017.3
INFO: [Project 1-570] Preparing netlist for logic optimization
Parsing XDC File [C:/Users/wangk/OneDrive/Home/Desktop/three_voter/.Xil/Vivado-19496-laptop151/dcp3/Static_0_F.xdc]
Finished Parsing XDC File [C:/Users/wangk/OneDrive/Home/Desktop/three_voter/.Xil/Vivado-19496-laptop151/dcp3/Static_0_F.xdc]
Reading XDEF placement.
Reading placer database...
Reading XDEF routing.
Read XDEF File: Time (s): cpu = 00:00:00 ; elapsed = 00:00:00.016 . Memory (MB): peak = 1790.637 ; gain = 0.000
Restored from archive | CPU: 0.000000 secs | Memory: 0.000000 MB |
Finished XDEF File Restore: Time (s): cpu = 00:00:00 ; elapsed = 00:00:00.016 . Memory (MB): peak = 1790.637 ; gain = 0.000
WARNING: [Timing 38-313] There are no user specified timing constraints. Timing constraints are needed for proper timing analysis.
launch_runs impl_1 -to_step write_bitstream -jobs 4
[Mon Nov 21 18:59:04 2022] Launched impl_1...
Run output will be captured here: C:/Users/wangk/OneDrive/Home/Desktop/number_display/number_display.runs/impl_1/runme.log
open_hw
connect_hw_server
INFO: [Labtools 27-2285] Connecting to hw_server url TCP:localhost:3121
INFO: [Labtools 27-2222] Launching hw_server...
INFO: [Labtools 27-2221] Launch Output:

****** Xilinx hw_server v2017.3
  **** Build date : Oct  4 2017-20:12:17
    ** Copyright 1986-2017 Xilinx, Inc. All Rights Reserved.


open_hw_target
INFO: [Labtoolstcl 44-466] Opening hw_target localhost:3121/xilinx_tcf/Xilinx/1234-tulA
current_hw_device [get_hw_devices xc7a50t_0]
refresh_hw_device -update_hw_probes false [lindex [get_hw_devices xc7a50t_0] 0]
INFO: [Labtools 27-1434] Device xc7a50t (JTAG device index = 0) is programmed with a design that has no supported debug core(s) in it.
WARNING: [Labtools 27-3361] The debug hub core was not detected.
Resolution: 
1. Make sure the clock connected to the debug hub (dbg_hub) core is a free running clock and is active.
2. Make sure the BSCAN_SWITCH_USER_MASK device property in Vivado Hardware Manager reflects the user scan chain setting in the design and refresh the device.  To determine the user scan chain setting in the design, open the implemented design and use 'get_property C_USER_SCAN_CHAIN [get_debug_cores dbg_hub]'.
For more details on setting the scan chain property, consult the Vivado Debug and Programming User Guide (UG908).
set_property PROBES.FILE {} [get_hw_devices xc7a50t_0]
set_property FULL_PROBES.FILE {} [get_hw_devices xc7a50t_0]
set_property PROGRAM.FILE {C:/Users/wangk/OneDrive/Home/Desktop/number_display/number_display.runs/impl_1/Static_0_F.bit} [get_hw_devices xc7a50t_0]
program_hw_devices [get_hw_devices xc7a50t_0]
INFO: [Labtools 27-3164] End of startup status: HIGH
refresh_hw_device [lindex [get_hw_devices xc7a50t_0] 0]
INFO: [Labtools 27-1434] Device xc7a50t (JTAG device index = 0) is programmed with a design that has no supported debug core(s) in it.
WARNING: [Labtools 27-3361] The debug hub core was not detected.
Resolution: 
1. Make sure the clock connected to the debug hub (dbg_hub) core is a free running clock and is active.
2. Make sure the BSCAN_SWITCH_USER_MASK device property in Vivado Hardware Manager reflects the user scan chain setting in the design and refresh the device.  To determine the user scan chain setting in the design, open the implemented design and use 'get_property C_USER_SCAN_CHAIN [get_debug_cores dbg_hub]'.
For more details on setting the scan chain property, consult the Vivado Debug and Programming User Guide (UG908).
close_hw
exit
INFO: [Common 17-206] Exiting Vivado at Mon Nov 21 19:06:18 2022...
