
*** Running vivado
    with args -log voter.vdi -applog -m64 -product Vivado -messageDb vivado.pb -mode batch -source voter.tcl -notrace


****** Vivado v2017.3 (64-bit)
  **** SW Build 2018833 on Wed Oct  4 19:58:22 MDT 2017
  **** IP Build 2016188 on Wed Oct  4 21:52:56 MDT 2017
    ** Copyright 1986-2017 Xilinx, Inc. All Rights Reserved.

source voter.tcl -notrace
Command: link_design -top voter -part xc7a50tcsg324-1
Design is defaulting to srcset: sources_1
Design is defaulting to constrset: constrs_1
INFO: [Netlist 29-17] Analyzing 3 Unisim elements for replacement
INFO: [Netlist 29-28] Unisim Transformation completed in 0 CPU seconds
INFO: [Project 1-479] Netlist was created with Vivado 2017.3
INFO: [Device 21-403] Loading part xc7a50tcsg324-1
INFO: [Project 1-570] Preparing netlist for logic optimization
Parsing XDC File [C:/Users/wangk/OneDrive/Home/Desktop/three_voter/three_voter.srcs/constrs_1/new/vote_list.xdc]
Finished Parsing XDC File [C:/Users/wangk/OneDrive/Home/Desktop/three_voter/three_voter.srcs/constrs_1/new/vote_list.xdc]
INFO: [Opt 31-138] Pushed 0 inverter(s) to 0 load pin(s).
INFO: [Project 1-111] Unisim Transformation Summary:
No Unisim elements were transformed.

7 Infos, 0 Warnings, 0 Critical Warnings and 0 Errors encountered.
link_design completed successfully
Command: opt_design
Attempting to get a license for feature 'Implementation' and/or device 'xc7a50t'
INFO: [Common 17-349] Got license for feature 'Implementation' and/or device 'xc7a50t'
Running DRC as a precondition to command opt_design

Starting DRC Task
INFO: [DRC 23-27] Running DRC with 2 threads
INFO: [Project 1-461] DRC finished with 0 Errors
INFO: [Project 1-462] Please refer to the DRC report (report_drc) for more information.

Time (s): cpu = 00:00:00 ; elapsed = 00:00:00.065 . Memory (MB): peak = 508.801 ; gain = 1.281
INFO: [Timing 38-35] Done setting XDC timing constraints.

Starting Logic Optimization Task

Phase 1 Retarget
INFO: [Opt 31-138] Pushed 0 inverter(s) to 0 load pin(s).
INFO: [Opt 31-49] Retargeted 0 cell(s).
Phase 1 Retarget | Checksum: 1c0362602

Time (s): cpu = 00:00:00 ; elapsed = 00:00:00.006 . Memory (MB): peak = 954.699 ; gain = 0.000
INFO: [Opt 31-389] Phase Retarget created 0 cells and removed 0 cells

Phase 2 Constant propagation
INFO: [Opt 31-138] Pushed 0 inverter(s) to 0 load pin(s).
Phase 2 Constant propagation | Checksum: 1c0362602

Time (s): cpu = 00:00:00 ; elapsed = 00:00:00.007 . Memory (MB): peak = 954.699 ; gain = 0.000
INFO: [Opt 31-389] Phase Constant propagation created 0 cells and removed 0 cells

Phase 3 Sweep
Phase 3 Sweep | Checksum: 1c0362602

Time (s): cpu = 00:00:00 ; elapsed = 00:00:00.008 . Memory (MB): peak = 954.699 ; gain = 0.000
INFO: [Opt 31-389] Phase Sweep created 0 cells and removed 0 cells

Phase 4 BUFG optimization
Phase 4 BUFG optimization | Checksum: 1c0362602

Time (s): cpu = 00:00:00 ; elapsed = 00:00:00.009 . Memory (MB): peak = 954.699 ; gain = 0.000
INFO: [Opt 31-389] Phase BUFG optimization created 0 cells and removed 0 cells

Phase 5 Shift Register Optimization
Phase 5 Shift Register Optimization | Checksum: 1c0362602

Time (s): cpu = 00:00:00 ; elapsed = 00:00:00.010 . Memory (MB): peak = 954.699 ; gain = 0.000
INFO: [Opt 31-389] Phase Shift Register Optimization created 0 cells and removed 0 cells

Starting Connectivity Check Task

Time (s): cpu = 00:00:00 ; elapsed = 00:00:00.001 . Memory (MB): peak = 954.699 ; gain = 0.000
Ending Logic Optimization Task | Checksum: 1c0362602

Time (s): cpu = 00:00:00 ; elapsed = 00:00:00.011 . Memory (MB): peak = 954.699 ; gain = 0.000

Starting Power Optimization Task
INFO: [Pwropt 34-132] Skipping clock gating for clocks with a period < 2.00 ns.
Ending Power Optimization Task | Checksum: 1c0362602

Time (s): cpu = 00:00:00 ; elapsed = 00:00:00.011 . Memory (MB): peak = 954.699 ; gain = 0.000
INFO: [Common 17-83] Releasing license: Implementation
22 Infos, 0 Warnings, 0 Critical Warnings and 0 Errors encountered.
opt_design completed successfully
opt_design: Time (s): cpu = 00:00:06 ; elapsed = 00:00:09 . Memory (MB): peak = 954.699 ; gain = 447.180
Writing placer database...
Writing XDEF routing.
Writing XDEF routing logical nets.
Writing XDEF routing special nets.
Write XDEF Complete: Time (s): cpu = 00:00:00 ; elapsed = 00:00:00.060 . Memory (MB): peak = 954.699 ; gain = 0.000
INFO: [Common 17-1381] The checkpoint 'C:/Users/wangk/OneDrive/Home/Desktop/three_voter/three_voter.runs/impl_1/voter_opt.dcp' has been generated.
INFO: [runtcl-4] Executing : report_drc -file voter_drc_opted.rpt -pb voter_drc_opted.pb -rpx voter_drc_opted.rpx
Command: report_drc -file voter_drc_opted.rpt -pb voter_drc_opted.pb -rpx voter_drc_opted.rpx
INFO: [DRC 23-27] Running DRC with 2 threads
INFO: [Coretcl 2-168] The results of DRC are in file C:/Users/wangk/OneDrive/Home/Desktop/three_voter/three_voter.runs/impl_1/voter_drc_opted.rpt.
report_drc completed successfully
INFO: [Chipscope 16-241] No debug cores found in the current design.
Before running the implement_debug_core command, either use the Set Up Debug wizard (GUI mode)
or use the create_debug_core and connect_debug_core Tcl commands to insert debug cores into the design.
Command: place_design
Attempting to get a license for feature 'Implementation' and/or device 'xc7a50t'
INFO: [Common 17-349] Got license for feature 'Implementation' and/or device 'xc7a50t'
INFO: [DRC 23-27] Running DRC with 2 threads
INFO: [Vivado_Tcl 4-198] DRC finished with 0 Errors
INFO: [Vivado_Tcl 4-199] Please refer to the DRC report (report_drc) for more information.
Running DRC as a precondition to command place_design
INFO: [DRC 23-27] Running DRC with 2 threads
INFO: [Vivado_Tcl 4-198] DRC finished with 0 Errors
INFO: [Vivado_Tcl 4-199] Please refer to the DRC report (report_drc) for more information.

Starting Placer Task
INFO: [Place 30-611] Multithreading enabled for place_design using a maximum of 2 CPUs

Phase 1 Placer Initialization

Phase 1.1 Placer Initialization Netlist Sorting
Netlist sorting complete. Time (s): cpu = 00:00:00 ; elapsed = 00:00:00 . Memory (MB): peak = 954.699 ; gain = 0.000
Phase 1.1 Placer Initialization Netlist Sorting | Checksum: fd31e517

Time (s): cpu = 00:00:00 ; elapsed = 00:00:00.005 . Memory (MB): peak = 954.699 ; gain = 0.000
Netlist sorting complete. Time (s): cpu = 00:00:00 ; elapsed = 00:00:00 . Memory (MB): peak = 954.699 ; gain = 0.000

Phase 1.2 IO Placement/ Clock Placement/ Build Placer Device
INFO: [Timing 38-35] Done setting XDC timing constraints.
Phase 1.2 IO Placement/ Clock Placement/ Build Placer Device | Checksum: fd31e517

Time (s): cpu = 00:00:00 ; elapsed = 00:00:00.649 . Memory (MB): peak = 954.699 ; gain = 0.000

Phase 1.3 Build Placer Netlist Model
Phase 1.3 Build Placer Netlist Model | Checksum: 1fc445db5

Time (s): cpu = 00:00:00 ; elapsed = 00:00:00.672 . Memory (MB): peak = 954.699 ; gain = 0.000

Phase 1.4 Constrain Clocks/Macros
Phase 1.4 Constrain Clocks/Macros | Checksum: 1fc445db5

Time (s): cpu = 00:00:00 ; elapsed = 00:00:00.674 . Memory (MB): peak = 954.699 ; gain = 0.000
Phase 1 Placer Initialization | Checksum: 1fc445db5

Time (s): cpu = 00:00:00 ; elapsed = 00:00:00.674 . Memory (MB): peak = 954.699 ; gain = 0.000

Phase 2 Global Placement
Phase 2 Global Placement | Checksum: 13005de6e

Time (s): cpu = 00:00:00 ; elapsed = 00:00:00.957 . Memory (MB): peak = 955.395 ; gain = 0.695

Phase 3 Detail Placement

Phase 3.1 Commit Multi Column Macros
Phase 3.1 Commit Multi Column Macros | Checksum: 13005de6e

Time (s): cpu = 00:00:00 ; elapsed = 00:00:00.960 . Memory (MB): peak = 955.395 ; gain = 0.695

Phase 3.2 Commit Most Macros & LUTRAMs
Phase 3.2 Commit Most Macros & LUTRAMs | Checksum: 187ffbce6

Time (s): cpu = 00:00:00 ; elapsed = 00:00:00.981 . Memory (MB): peak = 955.656 ; gain = 0.957

Phase 3.3 Area Swap Optimization
Phase 3.3 Area Swap Optimization | Checksum: 13005de6e

Time (s): cpu = 00:00:00 ; elapsed = 00:00:00.988 . Memory (MB): peak = 955.695 ; gain = 0.996

Phase 3.4 Pipeline Register Optimization
Phase 3.4 Pipeline Register Optimization | Checksum: 13005de6e

Time (s): cpu = 00:00:00 ; elapsed = 00:00:00.988 . Memory (MB): peak = 955.695 ; gain = 0.996

Phase 3.5 Small Shape Detail Placement
Phase 3.5 Small Shape Detail Placement | Checksum: 166e8a4a5

Time (s): cpu = 00:00:01 ; elapsed = 00:00:01 . Memory (MB): peak = 960.082 ; gain = 5.383

Phase 3.6 Re-assign LUT pins
Phase 3.6 Re-assign LUT pins | Checksum: 166e8a4a5

Time (s): cpu = 00:00:01 ; elapsed = 00:00:01 . Memory (MB): peak = 960.082 ; gain = 5.383

Phase 3.7 Pipeline Register Optimization
Phase 3.7 Pipeline Register Optimization | Checksum: 166e8a4a5

Time (s): cpu = 00:00:01 ; elapsed = 00:00:01 . Memory (MB): peak = 960.082 ; gain = 5.383
Phase 3 Detail Placement | Checksum: 166e8a4a5

Time (s): cpu = 00:00:01 ; elapsed = 00:00:01 . Memory (MB): peak = 960.082 ; gain = 5.383

Phase 4 Post Placement Optimization and Clean-Up

Phase 4.1 Post Commit Optimization
Phase 4.1 Post Commit Optimization | Checksum: 166e8a4a5

Time (s): cpu = 00:00:01 ; elapsed = 00:00:01 . Memory (MB): peak = 960.082 ; gain = 5.383

Phase 4.2 Post Placement Cleanup
Phase 4.2 Post Placement Cleanup | Checksum: 166e8a4a5

Time (s): cpu = 00:00:01 ; elapsed = 00:00:01 . Memory (MB): peak = 960.082 ; gain = 5.383

Phase 4.3 Placer Reporting
Phase 4.3 Placer Reporting | Checksum: 166e8a4a5

Time (s): cpu = 00:00:01 ; elapsed = 00:00:01 . Memory (MB): peak = 960.082 ; gain = 5.383

Phase 4.4 Final Placement Cleanup
Phase 4.4 Final Placement Cleanup | Checksum: 166e8a4a5

Time (s): cpu = 00:00:01 ; elapsed = 00:00:01 . Memory (MB): peak = 960.082 ; gain = 5.383
Phase 4 Post Placement Optimization and Clean-Up | Checksum: 166e8a4a5

Time (s): cpu = 00:00:01 ; elapsed = 00:00:01 . Memory (MB): peak = 960.082 ; gain = 5.383
Ending Placer Task | Checksum: dadb85ba

Time (s): cpu = 00:00:01 ; elapsed = 00:00:01 . Memory (MB): peak = 960.082 ; gain = 5.383
INFO: [Common 17-83] Releasing license: Implementation
37 Infos, 0 Warnings, 0 Critical Warnings and 0 Errors encountered.
place_design completed successfully
Writing placer database...
Writing XDEF routing.
Writing XDEF routing logical nets.
Writing XDEF routing special nets.
Write XDEF Complete: Time (s): cpu = 00:00:00 ; elapsed = 00:00:00.045 . Memory (MB): peak = 960.895 ; gain = 0.812
INFO: [Common 17-1381] The checkpoint 'C:/Users/wangk/OneDrive/Home/Desktop/three_voter/three_voter.runs/impl_1/voter_placed.dcp' has been generated.
INFO: [runtcl-4] Executing : report_io -file voter_io_placed.rpt
report_io: Time (s): cpu = 00:00:00 ; elapsed = 00:00:00.061 . Memory (MB): peak = 964.340 ; gain = 3.445
INFO: [runtcl-4] Executing : report_utilization -file voter_utilization_placed.rpt -pb voter_utilization_placed.pb
report_utilization: Time (s): cpu = 00:00:00 ; elapsed = 00:00:00.033 . Memory (MB): peak = 964.340 ; gain = 0.000
INFO: [runtcl-4] Executing : report_control_sets -verbose -file voter_control_sets_placed.rpt
report_control_sets: Time (s): cpu = 00:00:00 ; elapsed = 00:00:00.002 . Memory (MB): peak = 964.340 ; gain = 0.000
Command: route_design
Attempting to get a license for feature 'Implementation' and/or device 'xc7a50t'
INFO: [Common 17-349] Got license for feature 'Implementation' and/or device 'xc7a50t'
Running DRC as a precondition to command route_design
INFO: [DRC 23-27] Running DRC with 2 threads
INFO: [Vivado_Tcl 4-198] DRC finished with 0 Errors
INFO: [Vivado_Tcl 4-199] Please refer to the DRC report (report_drc) for more information.


Starting Routing Task
INFO: [Route 35-254] Multithreading enabled for route_design using a maximum of 2 CPUs
Checksum: PlaceDB: 943c4be0 ConstDB: 0 ShapeSum: 469f39da RouteDB: 0

Phase 1 Build RT Design
Phase 1 Build RT Design | Checksum: 17a8d743e

Time (s): cpu = 00:00:13 ; elapsed = 00:00:17 . Memory (MB): peak = 1089.441 ; gain = 123.922
Post Restoration Checksum: NetGraph: c8efb9fd NumContArr: b19dba41 Constraints: 0 Timing: 0

Phase 2 Router Initialization
INFO: [Route 35-64] No timing constraints were detected. The router will operate in resource-optimization mode.

Phase 2.1 Fix Topology Constraints
Phase 2.1 Fix Topology Constraints | Checksum: 17a8d743e

Time (s): cpu = 00:00:13 ; elapsed = 00:00:17 . Memory (MB): peak = 1094.297 ; gain = 128.777

Phase 2.2 Pre Route Cleanup
Phase 2.2 Pre Route Cleanup | Checksum: 17a8d743e

Time (s): cpu = 00:00:13 ; elapsed = 00:00:17 . Memory (MB): peak = 1094.297 ; gain = 128.777
Phase 2 Router Initialization | Checksum: 17a8d743e

Time (s): cpu = 00:00:13 ; elapsed = 00:00:17 . Memory (MB): peak = 1097.426 ; gain = 131.906

Phase 3 Initial Routing
 Number of Nodes with overlaps = 0
Phase 3 Initial Routing | Checksum: 1133d17e9

Time (s): cpu = 00:00:13 ; elapsed = 00:00:17 . Memory (MB): peak = 1097.426 ; gain = 131.906

Phase 4 Rip-up And Reroute

Phase 4.1 Global Iteration 0
Phase 4.1 Global Iteration 0 | Checksum: 1133d17e9

Time (s): cpu = 00:00:13 ; elapsed = 00:00:17 . Memory (MB): peak = 1097.426 ; gain = 131.906
Phase 4 Rip-up And Reroute | Checksum: 1133d17e9

Time (s): cpu = 00:00:13 ; elapsed = 00:00:17 . Memory (MB): peak = 1097.426 ; gain = 131.906

Phase 5 Delay and Skew Optimization
Phase 5 Delay and Skew Optimization | Checksum: 1133d17e9

Time (s): cpu = 00:00:13 ; elapsed = 00:00:17 . Memory (MB): peak = 1097.426 ; gain = 131.906

Phase 6 Post Hold Fix

Phase 6.1 Hold Fix Iter
Phase 6.1 Hold Fix Iter | Checksum: 1133d17e9

Time (s): cpu = 00:00:13 ; elapsed = 00:00:17 . Memory (MB): peak = 1097.426 ; gain = 131.906
Phase 6 Post Hold Fix | Checksum: 1133d17e9

Time (s): cpu = 00:00:13 ; elapsed = 00:00:17 . Memory (MB): peak = 1097.426 ; gain = 131.906

Phase 7 Route finalize

Router Utilization Summary
  Global Vertical Routing Utilization    = 0.00271068 %
  Global Horizontal Routing Utilization  = 0.00104112 %
  Routable Net Status*
  *Does not include unroutable nets such as driverless and loadless.
  Run report_route_status for detailed report.
  Number of Failed Nets               = 0
  Number of Unrouted Nets             = 0
  Number of Partially Routed Nets     = 0
  Number of Node Overlaps             = 0

Utilization threshold used for congestion level computation: 0.85
Congestion Report
North Dir 1x1 Area, Max Cong = 0.900901%, No Congested Regions.
South Dir 1x1 Area, Max Cong = 5.40541%, No Congested Regions.
East Dir 1x1 Area, Max Cong = 2.94118%, No Congested Regions.
West Dir 1x1 Area, Max Cong = 2.94118%, No Congested Regions.
Phase 7 Route finalize | Checksum: 1133d17e9

Time (s): cpu = 00:00:13 ; elapsed = 00:00:17 . Memory (MB): peak = 1097.426 ; gain = 131.906

Phase 8 Verifying routed nets

 Verification completed successfully
Phase 8 Verifying routed nets | Checksum: 1133d17e9

Time (s): cpu = 00:00:13 ; elapsed = 00:00:17 . Memory (MB): peak = 1099.555 ; gain = 134.035

Phase 9 Depositing Routes
Phase 9 Depositing Routes | Checksum: 1133d17e9

Time (s): cpu = 00:00:13 ; elapsed = 00:00:17 . Memory (MB): peak = 1099.555 ; gain = 134.035
INFO: [Route 35-16] Router Completed Successfully

Time (s): cpu = 00:00:13 ; elapsed = 00:00:17 . Memory (MB): peak = 1099.555 ; gain = 134.035

Routing Is Done.
INFO: [Common 17-83] Releasing license: Implementation
49 Infos, 0 Warnings, 0 Critical Warnings and 0 Errors encountered.
route_design completed successfully
route_design: Time (s): cpu = 00:00:13 ; elapsed = 00:00:18 . Memory (MB): peak = 1099.555 ; gain = 135.215
Writing placer database...
Writing XDEF routing.
Writing XDEF routing logical nets.
Writing XDEF routing special nets.
Write XDEF Complete: Time (s): cpu = 00:00:00 ; elapsed = 00:00:00.025 . Memory (MB): peak = 1099.555 ; gain = 0.000
INFO: [Common 17-1381] The checkpoint 'C:/Users/wangk/OneDrive/Home/Desktop/three_voter/three_voter.runs/impl_1/voter_routed.dcp' has been generated.
INFO: [runtcl-4] Executing : report_drc -file voter_drc_routed.rpt -pb voter_drc_routed.pb -rpx voter_drc_routed.rpx
Command: report_drc -file voter_drc_routed.rpt -pb voter_drc_routed.pb -rpx voter_drc_routed.rpx
INFO: [DRC 23-27] Running DRC with 2 threads
INFO: [Coretcl 2-168] The results of DRC are in file C:/Users/wangk/OneDrive/Home/Desktop/three_voter/three_voter.runs/impl_1/voter_drc_routed.rpt.
report_drc completed successfully
INFO: [runtcl-4] Executing : report_methodology -file voter_methodology_drc_routed.rpt -pb voter_methodology_drc_routed.pb -rpx voter_methodology_drc_routed.rpx
Command: report_methodology -file voter_methodology_drc_routed.rpt -pb voter_methodology_drc_routed.pb -rpx voter_methodology_drc_routed.rpx
INFO: [Timing 38-35] Done setting XDC timing constraints.
INFO: [Timing 38-35] Done setting XDC timing constraints.
INFO: [DRC 23-133] Running Methodology with 2 threads
INFO: [Coretcl 2-1520] The results of Report Methodology are in file C:/Users/wangk/OneDrive/Home/Desktop/three_voter/three_voter.runs/impl_1/voter_methodology_drc_routed.rpt.
report_methodology completed successfully
INFO: [runtcl-4] Executing : report_power -file voter_power_routed.rpt -pb voter_power_summary_routed.pb -rpx voter_power_routed.rpx
Command: report_power -file voter_power_routed.rpt -pb voter_power_summary_routed.pb -rpx voter_power_routed.rpx
WARNING: [Power 33-232] No user defined clocks were found in the design!
Resolution: Please specify clocks using create_clock/create_generated_clock for sequential elements. For pure combinatorial circuits, please specify a virtual clock, otherwise the vectorless estimation might be inaccurate
INFO: [Timing 38-35] Done setting XDC timing constraints.
Running Vector-less Activity Propagation...

Finished Running Vector-less Activity Propagation
60 Infos, 1 Warnings, 0 Critical Warnings and 0 Errors encountered.
report_power completed successfully
INFO: [runtcl-4] Executing : report_route_status -file voter_route_status.rpt -pb voter_route_status.pb
INFO: [runtcl-4] Executing : report_timing_summary -max_paths 10 -file voter_timing_summary_routed.rpt -warn_on_violation  -rpx voter_timing_summary_routed.rpx
INFO: [Timing 38-91] UpdateTimingParams: Speed grade: -1, Delay Type: min_max.
INFO: [Timing 38-191] Multithreading enabled for timing update using a maximum of 2 CPUs
WARNING: [Timing 38-313] There are no user specified timing constraints. Timing constraints are needed for proper timing analysis.
INFO: [runtcl-4] Executing : report_incremental_reuse -file voter_incremental_reuse_routed.rpt
INFO: [Vivado_Tcl 4-545] No incremental reuse to report, no incremental placement and routing data was found.
INFO: [runtcl-4] Executing : report_clock_utilization -file voter_clock_utilization_routed.rpt
INFO: [Common 17-206] Exiting Vivado at Mon Nov 21 18:26:39 2022...

*** Running vivado
    with args -log voter.vdi -applog -m64 -product Vivado -messageDb vivado.pb -mode batch -source voter.tcl -notrace


****** Vivado v2017.3 (64-bit)
  **** SW Build 2018833 on Wed Oct  4 19:58:22 MDT 2017
  **** IP Build 2016188 on Wed Oct  4 21:52:56 MDT 2017
    ** Copyright 1986-2017 Xilinx, Inc. All Rights Reserved.

source voter.tcl -notrace
Command: open_checkpoint voter_routed.dcp

Starting open_checkpoint Task

Time (s): cpu = 00:00:00 ; elapsed = 00:00:00.013 . Memory (MB): peak = 238.434 ; gain = 0.000
INFO: [Netlist 29-17] Analyzing 3 Unisim elements for replacement
INFO: [Netlist 29-28] Unisim Transformation completed in 0 CPU seconds
INFO: [Project 1-479] Netlist was created with Vivado 2017.3
INFO: [Device 21-403] Loading part xc7a50tcsg324-1
INFO: [Project 1-570] Preparing netlist for logic optimization
Parsing XDC File [C:/Users/wangk/OneDrive/Home/Desktop/three_voter/three_voter.runs/impl_1/.Xil/Vivado-15332-laptop151/dcp3/voter.xdc]
Finished Parsing XDC File [C:/Users/wangk/OneDrive/Home/Desktop/three_voter/three_voter.runs/impl_1/.Xil/Vivado-15332-laptop151/dcp3/voter.xdc]
Reading XDEF placement.
Reading placer database...
Reading XDEF routing.
Read XDEF File: Time (s): cpu = 00:00:00 ; elapsed = 00:00:00.015 . Memory (MB): peak = 502.387 ; gain = 0.000
Restored from archive | CPU: 0.000000 secs | Memory: 0.000000 MB |
Finished XDEF File Restore: Time (s): cpu = 00:00:00 ; elapsed = 00:00:00.015 . Memory (MB): peak = 502.387 ; gain = 0.000
INFO: [Project 1-111] Unisim Transformation Summary:
No Unisim elements were transformed.

INFO: [Project 1-604] Checkpoint was created with Vivado v2017.3 (64-bit) build 2018833
Command: write_bitstream -force voter.bit -raw_bitfile -bin_file
Attempting to get a license for feature 'Implementation' and/or device 'xc7a50t'
INFO: [Common 17-349] Got license for feature 'Implementation' and/or device 'xc7a50t'
Running DRC as a precondition to command write_bitstream
INFO: [DRC 23-27] Running DRC with 2 threads
WARNING: [DRC CFGBVS-1] Missing CFGBVS and CONFIG_VOLTAGE Design Properties: Neither the CFGBVS nor CONFIG_VOLTAGE voltage property is set in the current_design.  Configuration bank voltage select (CFGBVS) must be set to VCCO or GND, and CONFIG_VOLTAGE must be set to the correct configuration voltage, in order to determine the I/O voltage support for the pins in bank 0.  It is suggested to specify these either using the 'Edit Device Properties' function in the GUI or directly in the XDC file using the following syntax:

 set_property CFGBVS value1 [current_design]
 #where value1 is either VCCO or GND

 set_property CONFIG_VOLTAGE value2 [current_design]
 #where value2 is the voltage provided to configuration bank 0

Refer to the device configuration user guide for more information.
INFO: [Vivado 12-3199] DRC finished with 0 Errors, 1 Warnings
INFO: [Vivado 12-3200] Please refer to the DRC report (report_drc) for more information.
INFO: [Project 1-821] Please set project.enableDesignId to be 'true'.
INFO: [Designutils 20-2272] Running write_bitstream with 2 threads.
Loading data files...
Loading site data...
Loading route data...
Processing options...
Creating bitmap...
Creating bitstream...
Writing bitstream ./voter.bit...
Writing bitstream ./voter.rbt...
Writing bitstream ./voter.bin...
INFO: [Vivado 12-1842] Bitgen Completed Successfully.
INFO: [Project 1-120] WebTalk data collection is mandatory when using a WebPACK part without a full Vivado license. To see the specific WebTalk data collected for your design, open the usage_statistics_webtalk.html or usage_statistics_webtalk.xml file in the implementation directory.
INFO: [Common 17-83] Releasing license: Implementation
16 Infos, 1 Warnings, 0 Critical Warnings and 0 Errors encountered.
write_bitstream completed successfully
write_bitstream: Time (s): cpu = 00:00:04 ; elapsed = 00:00:08 . Memory (MB): peak = 869.398 ; gain = 362.941
INFO: [Common 17-206] Exiting Vivado at Mon Nov 21 18:29:19 2022...
